========================================================================
P05 HUMAN REVIEW AS CONTENT: asset-quality audit (n=388)
========================================================================
行动分布={'approve': 354, 'modify': 34}  唯一 reason 模板数=5
  [177] 用户授权批量通过：命题->MIS对称边，对应MIS->命题边已人审approve，evidence为原子卡命题文本（含标
  [176] 用户授权批量通过：AI预标注approve，抽样验证准确率100%(20/20)，用户确认通过率90%以上即授权批量通过
  [ 17] 用户授权批量调整：AI预标注modify(证据较充分但偏保守)，用户授权批量调整为medium
  [ 17] 用户授权批量通过：命题->MIS对称边，对应MIS->命题边已人审modify，evidence为原子卡命题文本，对称关
  [  1] 用户授权批量通过：AI预标注approve，抽样验证准确率100%(20/20)，用户确认通过率90%以上即授权

镜像边(对称推断,与种子边错误相关=1): 194 (50.0%)
抽样外推边(20样本->全批授权):       177 (45.6%)
逐条独立判断(无批量/授权/对称字样): 0
理由含具体证据/命题锚的记录:        177 (45.6%)
388 条时间跨度: 13.4 分钟  => 若全程手判 29.0 条/分钟

抽样宣称准确率 20/20=100% 的 Clopper-Pearson 单侧95%上界 = 13.91%
=> 20/20 在95%置信下只能支持错误率上界 0.14；据此授权 177 条，期望误标上界≈24.6 条(独立假设)

作为训练/学习资产的有效标签估计：
  信息论：388 标签 / 5 模板 = 平均每模板 78 条；去重后唯一判断信息=5 条
  真正承载'人为什么认为这条边成立'的文本: 0 条（模板只记录授权动作，不记录边特定证据）
  唯一人工判断者: {'LiaoRanran'}  (双盲/多主体=0)
