========================================================================
P07 OVERSIZED RANGE: real mutation-surface static estimate
========================================================================
证据卡=56（注：M5 作用于原子卡 claim_type，29 inference 已由 p00 核得）
  M1_field_drop          触发点合计=  57  命中卡= 56/56
  M3_assert_weaken       触发点合计=  39  命中卡=  7/56
  M4_tautology_inject    触发点合计=  56  命中卡= 56/56
  M5_inference_relabel   触发点合计=   0  命中卡=  0/56
  M6_yaml_shape          触发点合计=  56  命中卡= 56/56
  M7_sha_or_number       触发点合计=  56  命中卡= 56/56
静态可变异点总量(含原子卡29 inference) ≈ 293
对照历史实测：1593 变体/1406 可判/1 逃逸（静态点远少于实跑，因每点多个变形）

含自动修复/合成语义函数的工具: ['caption_truncation_audit.py']
文件名含 regen/fix/repair 的工具: ['asm_regen.py', 'fix_book_links.py', 'fragmentation_repair_analysis.py', 'whitespace_fix.py']

10 轮自进化靶场模拟（每轮500自产变异，族内检测 p=0.99929，族外缺陷不被自产变异触及）
  round  1: 累计测试=  500 族内逃逸=  0  表观通过率=1.00000  对'真实缺陷率分母'增益=0(自产样本非独立发现源)
  round  2: 累计测试= 1000 族内逃逸=  0  表观通过率=1.00000  对'真实缺陷率分母'增益=0(自产样本非独立发现源)
  round  3: 累计测试= 1500 族内逃逸=  3  表观通过率=0.99800  对'真实缺陷率分母'增益=0(自产样本非独立发现源)
  round  4: 累计测试= 2000 族内逃逸=  3  表观通过率=0.99850  对'真实缺陷率分母'增益=0(自产样本非独立发现源)
  round  5: 累计测试= 2500 族内逃逸=  5  表观通过率=0.99800  对'真实缺陷率分母'增益=0(自产样本非独立发现源)
  round  6: 累计测试= 3000 族内逃逸=  7  表观通过率=0.99767  对'真实缺陷率分母'增益=0(自产样本非独立发现源)
  round  7: 累计测试= 3500 族内逃逸=  8  表观通过率=0.99771  对'真实缺陷率分母'增益=0(自产样本非独立发现源)
  round  8: 累计测试= 4000 族内逃逸=  8  表观通过率=0.99800  对'真实缺陷率分母'增益=0(自产样本非独立发现源)
  round  9: 累计测试= 4500 族内逃逸=  8  表观通过率=0.99822  对'真实缺陷率分母'增益=0(自产样本非独立发现源)
  round 10: 累计测试= 5000 族内逃逸=  8  表观通过率=0.99840  对'真实缺陷率分母'增益=0(自产样本非独立发现源)
结论：曲线平坦且自我强化——靶场越大，对'自己已知攻击族'的信心越高，
      但对未知族零信息；无外部 oracle/真实学习者反馈时，自进化=在自己影子里赛跑。
