[mutation] (1/83) evidence/conc/EV-CONC-001.md
[mutation] (2/83) evidence/conc/EV-CONC-002.md
[mutation] (3/83) evidence/conc/EV-CONC-003.md
[mutation] (4/83) evidence/conc/EV-CONC-004.md
[mutation] (5/83) evidence/conc/EV-CONC-005.md
[mutation] (6/83) evidence/conc/EV-CONC-006.md
[mutation] (7/83) evidence/hist/EV-HIST-001.md
[mutation] (8/83) evidence/lang/EV-LANG-001.md
[mutation] (9/83) evidence/lang/EV-LANG-002.md
[mutation] (10/83) evidence/mem/EV-MEM-001.md
[mutation] (11/83) evidence/mem/EV-MEM-002.md
[mutation] (12/83) evidence/mem/EV-MEM-003.md
[mutation] (13/83) evidence/mem/EV-MEM-004.md
[mutation] (14/83) evidence/mem/EV-MEM-005.md
[mutation] (15/83) evidence/mem/EV-MEM-006.md
[mutation] (16/83) evidence/mem/EV-MEM-007.md
[mutation] (17/83) evidence/mem/EV-MEM-008.md
[mutation] (18/83) evidence/mem/EV-MEM-009.md
[mutation] (19/83) evidence/mem/EV-MEM-010.md
[mutation] (20/83) evidence/mem/EV-MEM-011.md
[mutation] (21/83) evidence/mem/EV-MEM-012.md
[mutation] (22/83) evidence/mem/EV-MEM-013.md
[mutation] (23/83) evidence/mem/EV-MEM-014.md
[mutation] (24/83) evidence/mem/EV-MEM-015.md
[mutation] (25/83) evidence/mem/EV-MEM-016.md
[mutation] (26/83) evidence/mem/EV-MEM-017.md
[mutation] (27/83) evidence/mem/EV-MEM-018.md
[mutation] (28/83) evidence/mem/EV-MEM-019.md
[mutation] (29/83) evidence/mem/EV-MEM-020.md
[mutation] (30/83) evidence/mem/EV-MEM-021.md
[mutation] (31/83) evidence/mem/EV-MEM-022.md
[mutation] (32/83) evidence/mem/EV-MEM-023.md
[mutation] (33/83) evidence/mem/EV-MEM-024.md
[mutation] (34/83) evidence/mem/EV-MEM-025.md
[mutation] (35/83) evidence/mem/EV-MEM-026.md
[mutation] (36/83) evidence/mem/EV-MEM-027.md
[mutation] (37/83) evidence/mem/EV-MEM-028.md
[mutation] (38/83) evidence/mem/EV-MEM-029.md
[mutation] (39/83) evidence/mem/EV-MEM-030.md
[mutation] (40/83) evidence/mem/EV-MEM-031.md
[mutation] (41/83) evidence/mem/EV-MEM-032.md
[mutation] (42/83) evidence/mem/EV-MEM-033.md
[mutation] (43/83) evidence/mem/EV-MEM-034.md
[mutation] (44/83) evidence/mem/EV-MEM-035.md
[mutation] (45/83) evidence/mem/EV-MEM-036.md
[mutation] (46/83) evidence/mem/EV-MEM-037.md
[mutation] (47/83) evidence/mem/EV-MEM-038.md
[mutation] (48/83) evidence/mem/EV-MEM-039.md
[mutation] (49/83) evidence/mem/EV-MEM-040.md
[mutation] (50/83) evidence/mem/EV-MEM-041.md
[mutation] (51/83) evidence/mem/EV-MEM-042.md
[mutation] (52/83) evidence/mem/EV-MEM-043.md
[mutation] (53/83) evidence/mem/EV-MEM-044.md
[mutation] (54/83) evidence/mem/EV-MEM-045.md
[mutation] (55/83) evidence/ub/EV-UB-001.md
[mutation] (56/83) evidence/ub/EV-UB-002.md
[mutation] (57/83) atoms/conc/ATOM-CONC-FENCE-001.md
[mutation] (58/83) atoms/conc/ATOM-CONC-LOCK-001.md
[mutation] (59/83) atoms/conc/ATOM-CONC-RACE-001.md
[mutation] (60/83) atoms/hist/ATOM-HIST-AUTOPTR-001.md
[mutation] (61/83) atoms/lang/ATOM-LANG-INLINE-001.md
[mutation] (62/83) atoms/mem/ATOM-MEM-ALIGN-001.md
[mutation] (63/83) atoms/mem/ATOM-MEM-ALLOC-001.md
[mutation] (64/83) atoms/mem/ATOM-MEM-ALLOC-002.md
[mutation] (65/83) atoms/mem/ATOM-MEM-LEAK-001.md
[mutation] (66/83) atoms/mem/ATOM-MEM-LEAK-002.md
[mutation] (67/83) atoms/mem/ATOM-MEM-MOVE-002.md
[mutation] (68/83) atoms/mem/ATOM-MEM-NEW-001.md
[mutation] (69/83) atoms/mem/ATOM-MEM-PERF-001.md
[mutation] (70/83) atoms/mem/ATOM-MEM-PERF-002.md
[mutation] (71/83) atoms/mem/ATOM-MEM-PERF-003.md
[mutation] (72/83) atoms/mem/ATOM-MEM-PERF-004.md
[mutation] (73/83) atoms/mem/ATOM-MEM-RAII-001.md
[mutation] (74/83) atoms/mem/ATOM-MEM-RAII-002.md
[mutation] (75/83) atoms/mem/ATOM-MEM-RVREF-001.md
[mutation] (76/83) atoms/mem/ATOM-MEM-SHARED-001.md
[mutation] (77/83) atoms/mem/ATOM-MEM-SHARED-002.md
[mutation] (78/83) atoms/mem/ATOM-MEM-UNIQUE-001.md
[mutation] (79/83) atoms/mem/ATOM-MEM-UNIQUE-002.md
[mutation] (80/83) atoms/mem/ATOM-MEM-VALUE-001.md
[mutation] (81/83) atoms/mem/ATOM-MEM-VALUE-002.md
[mutation] (82/83) atoms/mem/ATOM-MEM-WEAK-001.md
[mutation] (83/83) atoms/ub/ATOM-UB-GRAY-001.md
