[mutation] 卡 83 张 · 算子 7 类 · 变体 1181 个
[mutation] blocked=908（严格 619） escaped=61 n_a=212（其中 malformed=0）
[mutation] 严格拦截率 63.9% · 含 warn 处置率 93.7%
[mutation] 可判分母 = 969（变体 1181 − n_a 212 − malformed 0）；n_a/malformed **永不进拦截率分母**
[mutation] 严格拦截率 619/969 = 63.88% · C-P 95% 区间 [60.77%, 66.91%]
[mutation] 含 warn 处置率 908/969 = 93.70% · C-P 95% 区间 [91.99%, 95.15%]
[mutation] 逃逸率     61/969 = 6.30% · C-P 95% 区间 [4.85%, 8.01%]
[mutation] 全分母率 treated_all 908/1181 = 76.88% · C-P 95% 区间 [74.37%, 79.26%]（**全分母率只叫 treated_all，不得叫 strict**）
[mutation] 分算子（可判 = blocked + escaped；n_a 单列）：
[mutation]   M1  可判 65（n_a 27）· 严格 64/65 = 98.46% · 逃逸 1/65 = 1.54% · C-P95 [0.04%, 8.28%]
[mutation]   M2  可判 168（n_a 27）· 严格 0/168 = 0.00% · 逃逸 0/168 = 0.00% · C-P95 [0.00%, 2.17%]
[mutation]   M3  可判 65（n_a 42）· 严格 5/65 = 7.69% · 逃逸 52/65 = 80.00% · C-P95 [68.23%, 88.90%]
[mutation]   M4  可判 200（n_a 33）· 严格 200/200 = 100.00% · 逃逸 0/200 = 0.00% · C-P95 [0.00%, 1.83%]
[mutation]   M5  可判 0（n_a 83）· insufficient evidence（不算率、不填 0）
[mutation]   M6  可判 332（n_a 0）· 严格 211/332 = 63.55% · 逃逸 8/332 = 2.41% · C-P95 [1.05%, 4.69%]
[mutation]   M7  可判 139（n_a 0）· 严格 139/139 = 100.00% · 逃逸 0/139 = 0.00% · C-P95 [0.00%, 2.62%]
[mutation] ⚠ M5：可判样本 n=0 ⇒ insufficient evidence（不算率、不填 0）
[mutation] 全库扫描 ge.run=970 次 · replay=65 次（门禁已拦而跳过 139 次）· 耗时 648.96s
[mutation] ✗ ESCAPED evidence/conc/EV-CONC-001.md · M1 · 删 negative_controls
[mutation] ✗ ESCAPED evidence/conc/EV-CONC-002.md · M3 · 删掉一条 run_match_keys 声明（弱化：少声明读数键 spin_fence_outside_ret）
[mutation] ✗ ESCAPED evidence/conc/EV-CONC-003.md · M3 · 删掉一条 flow 式断言条目（弱化：卡少查一项）
[mutation] ✗ ESCAPED evidence/conc/EV-CONC-003.md · M3 · contains 追加样板候选（弱化：恒真文本即可满足）
[mutation] ✗ ESCAPED evidence/conc/EV-CONC-003.md · M3 · 删掉一条 run_match_keys 声明（弱化：少声明一个读数键 single_thread_baseline）
[mutation] ✗ ESCAPED evidence/conc/EV-CONC-004.md · M3 · 删掉一条 flow 式断言条目（弱化：卡少查一项）
[mutation] ✗ ESCAPED evidence/conc/EV-CONC-004.md · M3 · contains 追加样板候选（弱化：恒真文本即可满足）
[mutation] ✗ ESCAPED evidence/conc/EV-CONC-004.md · M3 · 删掉一条 run_match_keys 声明（弱化：少声明一个读数键 mutex_fastpath_exists）
[mutation] ✗ ESCAPED evidence/conc/EV-CONC-005.md · M3 · 删掉一条 flow 式断言条目（弱化：卡少查一项）
[mutation] ✗ ESCAPED evidence/conc/EV-CONC-005.md · M3 · contains 追加样板候选（弱化：恒真文本即可满足）
[mutation] ✗ ESCAPED evidence/conc/EV-CONC-005.md · M3 · 删掉一条 run_match_keys 声明（弱化：少声明一个读数键 single_total）
[mutation] ✗ ESCAPED evidence/conc/EV-CONC-006.md · M3 · 删掉一条 flow 式断言条目（弱化：卡少查一项）
[mutation] ✗ ESCAPED evidence/conc/EV-CONC-006.md · M3 · contains 追加样板候选（弱化：恒真文本即可满足）
[mutation] ✗ ESCAPED evidence/conc/EV-CONC-006.md · M3 · 删掉一条 run_match_keys 声明（弱化：少声明一个读数键 single_total）
[mutation] ✗ ESCAPED evidence/hist/EV-HIST-001.md · M3 · contains 追加样板候选（弱化：恒真文本即可满足）
[mutation] ✗ ESCAPED evidence/hist/EV-HIST-001.md · M6 · 块式 → flow 写法（matrix）
[mutation] ✗ ESCAPED evidence/lang/EV-LANG-001.md · M3 · 删掉一条 flow 式断言条目（弱化：卡少查一项）
[mutation] ✗ ESCAPED evidence/lang/EV-LANG-002.md · M3 · 删掉一条 flow 式断言条目（弱化：卡少查一项）
[mutation] ✗ ESCAPED evidence/lang/EV-LANG-002.md · M3 · contains 追加样板候选（弱化：恒真文本即可满足）
[mutation] ✗ ESCAPED evidence/lang/EV-LANG-002.md · M3 · 删掉一条 run_match_keys 声明（弱化：少声明一个读数键 ab_tu_a）
[mutation] ✗ ESCAPED evidence/mem/EV-MEM-001.md · M3 · contains 追加样板候选（弱化：恒真文本即可满足）
[mutation] ✗ ESCAPED evidence/mem/EV-MEM-002.md · M3 · contains 追加样板候选（弱化：恒真文本即可满足）
[mutation] ✗ ESCAPED evidence/mem/EV-MEM-003.md · M3 · 删掉一条 flow 式断言条目（弱化：卡少查一项）
[mutation] ✗ ESCAPED evidence/mem/EV-MEM-003.md · M3 · contains 追加样板候选（弱化：恒真文本即可满足）
[mutation] ✗ ESCAPED evidence/mem/EV-MEM-004.md · M3 · contains 追加样板候选（弱化：恒真文本即可满足）
[mutation] ✗ ESCAPED evidence/mem/EV-MEM-005.md · M3 · contains 追加样板候选（弱化：恒真文本即可满足）
[mutation] ✗ ESCAPED evidence/mem/EV-MEM-006.md · M3 · 删掉一条 flow 式断言条目（弱化：卡少查一项）
[mutation] ✗ ESCAPED evidence/mem/EV-MEM-006.md · M3 · contains 追加样板候选（弱化：恒真文本即可满足）
[mutation] ✗ ESCAPED evidence/mem/EV-MEM-007.md · M3 · contains 追加样板候选（弱化：恒真文本即可满足）
[mutation] ✗ ESCAPED evidence/mem/EV-MEM-009.md · M3 · contains 追加样板候选（弱化：恒真文本即可满足）
[mutation] ✗ ESCAPED evidence/mem/EV-MEM-011.md · M3 · contains 追加样板候选（弱化：恒真文本即可满足）
[mutation] ✗ ESCAPED evidence/mem/EV-MEM-012.md · M3 · contains 追加样板候选（弱化：恒真文本即可满足）
[mutation] ✗ ESCAPED evidence/mem/EV-MEM-013.md · M3 · contains 追加样板候选（弱化：恒真文本即可满足）
[mutation] ✗ ESCAPED evidence/mem/EV-MEM-014.md · M3 · contains 追加样板候选（弱化：恒真文本即可满足）
[mutation] ✗ ESCAPED evidence/mem/EV-MEM-015.md · M3 · contains 追加样板候选（弱化：恒真文本即可满足）
[mutation] ✗ ESCAPED evidence/mem/EV-MEM-016.md · M3 · contains 追加样板候选（弱化：恒真文本即可满足）
[mutation] ✗ ESCAPED evidence/mem/EV-MEM-019.md · M3 · contains 追加样板候选（弱化：恒真文本即可满足）
[mutation] ✗ ESCAPED evidence/mem/EV-MEM-020.md · M3 · contains 追加样板候选（弱化：恒真文本即可满足）
[mutation] ✗ ESCAPED evidence/mem/EV-MEM-021.md · M3 · contains 追加样板候选（弱化：恒真文本即可满足）
[mutation] ✗ ESCAPED evidence/mem/EV-MEM-023.md · M3 · 删掉一条 flow 式断言条目（弱化：卡少查一项）
[mutation] ✗ ESCAPED evidence/mem/EV-MEM-023.md · M3 · contains 追加样板候选（弱化：恒真文本即可满足）
[mutation] ✗ ESCAPED evidence/mem/EV-MEM-025.md · M3 · contains 追加样板候选（弱化：恒真文本即可满足）
[mutation] ✗ ESCAPED evidence/mem/EV-MEM-026.md · M3 · contains 追加样板候选（弱化：恒真文本即可满足）
[mutation] ✗ ESCAPED evidence/mem/EV-MEM-027.md · M3 · contains 追加样板候选（弱化：恒真文本即可满足）
[mutation] ✗ ESCAPED evidence/mem/EV-MEM-028.md · M3 · contains 追加样板候选（弱化：恒真文本即可满足）
[mutation] ✗ ESCAPED evidence/mem/EV-MEM-029.md · M3 · contains 追加样板候选（弱化：恒真文本即可满足）
[mutation] ✗ ESCAPED evidence/mem/EV-MEM-030.md · M3 · contains 追加样板候选（弱化：恒真文本即可满足）
[mutation] ✗ ESCAPED evidence/mem/EV-MEM-031.md · M3 · contains 追加样板候选（弱化：恒真文本即可满足）
[mutation] ✗ ESCAPED evidence/mem/EV-MEM-032.md · M6 · 块式 → flow 写法（matrix）
[mutation] ✗ ESCAPED evidence/mem/EV-MEM-033.md · M6 · 块式 → flow 写法（matrix）
[mutation] ✗ ESCAPED evidence/mem/EV-MEM-034.md · M6 · 块式 → flow 写法（matrix）
[mutation] ✗ ESCAPED evidence/mem/EV-MEM-035.md · M6 · 块式 → flow 写法（matrix）
[mutation] ✗ ESCAPED evidence/mem/EV-MEM-036.md · M3 · contains 追加样板候选（弱化：恒真文本即可满足）
[mutation] ✗ ESCAPED evidence/mem/EV-MEM-036.md · M6 · 块式 → flow 写法（matrix）
[mutation] ✗ ESCAPED evidence/mem/EV-MEM-037.md · M3 · contains 追加样板候选（弱化：恒真文本即可满足）
[mutation] ✗ ESCAPED evidence/mem/EV-MEM-037.md · M6 · 块式 → flow 写法（matrix）
[mutation] ✗ ESCAPED evidence/mem/EV-MEM-040.md · M3 · 删掉一条 flow 式断言条目（弱化：卡少查一项）
[mutation] ✗ ESCAPED evidence/mem/EV-MEM-041.md · M3 · 删掉一条 flow 式断言条目（弱化：卡少查一项）
[mutation] ✗ ESCAPED evidence/ub/EV-UB-001.md · M3 · contains 追加样板候选（弱化：恒真文本即可满足）
[mutation] ✗ ESCAPED evidence/ub/EV-UB-002.md · M3 · contains 追加样板候选（弱化：恒真文本即可满足）
[mutation] ✗ ESCAPED evidence/ub/EV-UB-002.md · M6 · 块式 → flow 写法（matrix）
[mutation] 报告：data/mutation/full_baseline_v2.json
